9/2/2026 -- 21:10:28 - <Notice> - This is Suricata version 6.0.4 RELEASE running in SYSTEM mode
9/2/2026 -- 21:10:28 - <Info> - CPUs/cores online: 8
9/2/2026 -- 21:10:29 - <Info> - fast output device (regular) initialized: fast.log
9/2/2026 -- 21:10:29 - <Info> - eve-log output device (regular) initialized: eve.json
9/2/2026 -- 21:10:29 - <Info> - Using log dir /var/log/suricata/
9/2/2026 -- 21:10:29 - <Info> - Selected pcap-log compression method: none
9/2/2026 -- 21:10:29 - <Info> - using normal logging
9/2/2026 -- 21:10:29 - <Info> - stats output device (regular) initialized: stats.log
9/2/2026 -- 21:10:29 - <Error> - [ERRCODE: SC_ERR_OPENING_RULE_FILE(41)] - opening ip rep file /etc/suricata/rules/reputation-categories.txt: No such file or directory
9/2/2026 -- 21:10:29 - <Error> - [ERRCODE: SC_ERR_NO_REPUTATION(224)] - failed to load reputation categories file /etc/suricata/rules/reputation-categories.txt
9/2/2026 -- 21:10:29 - <Info> - 1 rule files processed. 13 rules successfully loaded, 0 rules failed
9/2/2026 -- 21:10:29 - <Info> - Threshold config parsed: 0 rule(s) found
9/2/2026 -- 21:10:29 - <Info> - 13 signatures processed. 0 are IP-only rules, 10 are inspecting packet payload, 0 inspect application layer, 0 are decoder event only
9/2/2026 -- 21:10:29 - <Warning> - [ERRCODE: SC_WARN_POOR_RULE(276)] - rule 1000007: SYN-only to port(s) 102:102 w/o direction specified, disabling for toclient direction
9/2/2026 -- 21:10:29 - <Notice> - Configuration provided was successfully loaded. Exiting.
9/2/2026 -- 21:10:29 - <Info> - cleaning up signature grouping structure... complete
9/2/2026 -- 21:10:29 - <Notice> - This is Suricata version 6.0.4 RELEASE running in SYSTEM mode
9/2/2026 -- 21:10:29 - <Info> - CPUs/cores online: 8
9/2/2026 -- 21:10:29 - <Info> - Found an MTU of 1500 for 'eth0'
9/2/2026 -- 21:10:29 - <Info> - Found an MTU of 1500 for 'eth0'
9/2/2026 -- 21:10:29 - <Info> - fast output device (regular) initialized: fast.log
9/2/2026 -- 21:10:29 - <Info> - eve-log output device (regular) initialized: eve.json
9/2/2026 -- 21:10:29 - <Info> - Using log dir /var/log/suricata/
9/2/2026 -- 21:10:29 - <Info> - Selected pcap-log compression method: none
9/2/2026 -- 21:10:29 - <Info> - using normal logging
9/2/2026 -- 21:10:29 - <Info> - stats output device (regular) initialized: stats.log
9/2/2026 -- 21:10:29 - <Info> - Running in live mode, activating unix socket
9/2/2026 -- 21:10:29 - <Error> - [ERRCODE: SC_ERR_OPENING_RULE_FILE(41)] - opening ip rep file /etc/suricata/rules/reputation-categories.txt: No such file or directory
9/2/2026 -- 21:10:29 - <Error> - [ERRCODE: SC_ERR_NO_REPUTATION(224)] - failed to load reputation categories file /etc/suricata/rules/reputation-categories.txt
9/2/2026 -- 21:10:29 - <Info> - 1 rule files processed. 13 rules successfully loaded, 0 rules failed
9/2/2026 -- 21:10:29 - <Info> - Threshold config parsed: 0 rule(s) found
9/2/2026 -- 21:10:29 - <Info> - 13 signatures processed. 0 are IP-only rules, 10 are inspecting packet payload, 0 inspect application layer, 0 are decoder event only
9/2/2026 -- 21:10:29 - <Warning> - [ERRCODE: SC_WARN_POOR_RULE(276)] - rule 1000007: SYN-only to port(s) 102:102 w/o direction specified, disabling for toclient direction
9/2/2026 -- 21:10:29 - <Info> - Going to use 1 thread(s)
9/2/2026 -- 21:10:29 - <Info> - Initializing PCAP ring buffer for /var/log/suricata//log.pcap.
9/2/2026 -- 21:10:29 - <Notice> - Ring buffer initialized with 0 files.
9/2/2026 -- 21:10:29 - <Info> - Running in live mode, activating unix socket
9/2/2026 -- 21:10:29 - <Info> - Using unix socket file '/var/suricata-command.socket'
9/2/2026 -- 21:10:29 - <Notice> - all 1 packet processing threads, 4 management threads initialized, engine started.
9/2/2026 -- 21:10:29 - <Info> - All AFP capture threads are running.
9/2/2026 -- 21:46:13 - <Notice> - This is Suricata version 6.0.4 RELEASE running in SYSTEM mode
9/2/2026 -- 21:46:13 - <Info> - CPUs/cores online: 8
9/2/2026 -- 21:46:13 - <Info> - fast output device (regular) initialized: fast.log
9/2/2026 -- 21:46:13 - <Info> - eve-log output device (regular) initialized: eve.json
9/2/2026 -- 21:46:13 - <Info> - Using log dir /var/log/suricata/
9/2/2026 -- 21:46:13 - <Info> - Selected pcap-log compression method: none
9/2/2026 -- 21:46:13 - <Info> - using normal logging
9/2/2026 -- 21:46:13 - <Info> - stats output device (regular) initialized: stats.log
9/2/2026 -- 21:46:13 - <Error> - [ERRCODE: SC_ERR_OPENING_RULE_FILE(41)] - opening ip rep file /etc/suricata/rules/reputation-categories.txt: No such file or directory
9/2/2026 -- 21:46:13 - <Error> - [ERRCODE: SC_ERR_NO_REPUTATION(224)] - failed to load reputation categories file /etc/suricata/rules/reputation-categories.txt
9/2/2026 -- 21:46:13 - <Error> - [ERRCODE: SC_ERR_RULE_KEYWORD_UNKNOWN(102)] - unknown rule keyword ') classtype'.
9/2/2026 -- 21:46:13 - <Error> - [ERRCODE: SC_ERR_INVALID_SIGNATURE(39)] - error parsing signature "alert tcp any any -> 192.168.100.10 102 (msg:"PROFINET: Control Value Exceeds Safety Limit";     content:"|32 01|";     pcre:"/\x61\xa8/";     sid:1000004; rev:1;) classtype:policy-violation; priority:1;)" from file /etc/suricata/rules/profinet.rules at line 31
9/2/2026 -- 21:46:13 - <Error> - [ERRCODE: SC_ERR_RULE_KEYWORD_UNKNOWN(102)] - unknown rule keyword ') classtype'.
9/2/2026 -- 21:46:13 - <Error> - [ERRCODE: SC_ERR_INVALID_SIGNATURE(39)] - error parsing signature "alert tcp any any -> 192.168.100.10 102 (msg:"PROFINET: Rapid Write Command Sequence";     content:"|32 01|";     threshold: type threshold, track by_src, count 3, seconds 10;     sid:1000006; rev:1;) classtype:attempted-dos; priority:2;)" from file /etc/suricata/rules/profinet.rules at line 48
9/2/2026 -- 21:46:13 - <Warning> - [ERRCODE: SC_ERR_DUPLICATE_SIG(176)] - Signature with newer revision, so the older sig replaced by this new signature "alert tcp 192.168.100.20 any -> 192.168.100.10 any (msg:"PROFINET: Possible DCP Activity Detected (via TCP proxy)";     threshold: type threshold, track by_src, count 10, seconds 5;     sid:1000001; rev:2;)"
9/2/2026 -- 21:46:13 - <Warning> - [ERRCODE: SC_ERR_DUPLICATE_SIG(176)] - Signature with newer revision, so the older sig replaced by this new signature "alert tcp 192.168.100.20 any -> 192.168.100.10 any (msg:"PROFINET: Excessive Traffic - Possible DoS";     flags:S;     threshold: type threshold, track by_src, count 20, seconds 2;     sid:1000008; rev:2;)"
9/2/2026 -- 21:46:13 - <Info> - 1 rule files processed. 13 rules successfully loaded, 2 rules failed
9/2/2026 -- 21:46:13 - <Error> - [ERRCODE: SC_ERR_NO_RULES_LOADED(43)] - Loading signatures failed.
9/2/2026 -- 21:48:04 - <Notice> - This is Suricata version 6.0.4 RELEASE running in SYSTEM mode
9/2/2026 -- 21:48:04 - <Info> - CPUs/cores online: 8
9/2/2026 -- 21:48:04 - <Info> - fast output device (regular) initialized: fast.log
9/2/2026 -- 21:48:04 - <Info> - eve-log output device (regular) initialized: eve.json
9/2/2026 -- 21:48:04 - <Info> - Using log dir /var/log/suricata/
9/2/2026 -- 21:48:04 - <Info> - Selected pcap-log compression method: none
9/2/2026 -- 21:48:04 - <Info> - using normal logging
9/2/2026 -- 21:48:04 - <Info> - stats output device (regular) initialized: stats.log
9/2/2026 -- 21:48:04 - <Error> - [ERRCODE: SC_ERR_OPENING_RULE_FILE(41)] - opening ip rep file /etc/suricata/rules/reputation-categories.txt: No such file or directory
9/2/2026 -- 21:48:04 - <Error> - [ERRCODE: SC_ERR_NO_REPUTATION(224)] - failed to load reputation categories file /etc/suricata/rules/reputation-categories.txt
9/2/2026 -- 21:48:04 - <Error> - [ERRCODE: SC_ERR_RULE_KEYWORD_UNKNOWN(102)] - unknown rule keyword ') classtype'.
9/2/2026 -- 21:48:04 - <Error> - [ERRCODE: SC_ERR_INVALID_SIGNATURE(39)] - error parsing signature "alert tcp any any -> 192.168.100.10 102 (msg:"PROFINET: Control Value Exceeds Safety Limit";     content:"|32 01|";     pcre:"/\x61\xa8/";     sid:1000004; rev:1;) classtype:policy-violation; priority:1;)" from file /etc/suricata/rules/profinet.rules at line 31
9/2/2026 -- 21:48:04 - <Error> - [ERRCODE: SC_ERR_RULE_KEYWORD_UNKNOWN(102)] - unknown rule keyword ') classtype'.
9/2/2026 -- 21:48:04 - <Error> - [ERRCODE: SC_ERR_INVALID_SIGNATURE(39)] - error parsing signature "alert tcp any any -> 192.168.100.10 102 (msg:"PROFINET: Rapid Write Command Sequence";     content:"|32 01|";     threshold: type threshold, track by_src, count 3, seconds 10;     sid:1000006; rev:1;) classtype:attempted-dos; priority:2;)" from file /etc/suricata/rules/profinet.rules at line 48
9/2/2026 -- 21:48:04 - <Info> - 1 rule files processed. 11 rules successfully loaded, 2 rules failed
9/2/2026 -- 21:48:04 - <Error> - [ERRCODE: SC_ERR_NO_RULES_LOADED(43)] - Loading signatures failed.
9/2/2026 -- 21:53:37 - <Notice> - This is Suricata version 6.0.4 RELEASE running in SYSTEM mode
9/2/2026 -- 21:53:37 - <Info> - CPUs/cores online: 8
9/2/2026 -- 21:53:37 - <Info> - fast output device (regular) initialized: fast.log
9/2/2026 -- 21:53:37 - <Info> - eve-log output device (regular) initialized: eve.json
9/2/2026 -- 21:53:37 - <Info> - Using log dir /var/log/suricata/
9/2/2026 -- 21:53:37 - <Info> - Selected pcap-log compression method: none
9/2/2026 -- 21:53:37 - <Info> - using normal logging
9/2/2026 -- 21:53:37 - <Info> - stats output device (regular) initialized: stats.log
9/2/2026 -- 21:53:37 - <Error> - [ERRCODE: SC_ERR_OPENING_RULE_FILE(41)] - opening ip rep file /etc/suricata/rules/reputation-categories.txt: No such file or directory
9/2/2026 -- 21:53:37 - <Error> - [ERRCODE: SC_ERR_NO_REPUTATION(224)] - failed to load reputation categories file /etc/suricata/rules/reputation-categories.txt
9/2/2026 -- 21:53:37 - <Error> - [ERRCODE: SC_ERR_RULE_KEYWORD_UNKNOWN(102)] - unknown rule keyword ') classtype'.
9/2/2026 -- 21:53:37 - <Error> - [ERRCODE: SC_ERR_INVALID_SIGNATURE(39)] - error parsing signature "alert tcp any any -> 192.168.100.10 102 (msg:"PROFINET: Control Value Exceeds Safety Limit";     content:"|32 01|";     pcre:"/\x61\xa8/";     sid:1000004; rev:1;) classtype:policy-violation; priority:1;)" from file /etc/suricata/rules/profinet.rules at line 31
9/2/2026 -- 21:53:37 - <Error> - [ERRCODE: SC_ERR_RULE_KEYWORD_UNKNOWN(102)] - unknown rule keyword ') classtype'.
9/2/2026 -- 21:53:37 - <Error> - [ERRCODE: SC_ERR_INVALID_SIGNATURE(39)] - error parsing signature "alert tcp any any -> 192.168.100.10 102 (msg:"PROFINET: Rapid Write Command Sequence";     content:"|32 01|";     threshold: type threshold, track by_src, count 3, seconds 10;     sid:1000006; rev:1;) classtype:attempted-dos; priority:2;)" from file /etc/suricata/rules/profinet.rules at line 48
9/2/2026 -- 21:53:37 - <Info> - 1 rule files processed. 11 rules successfully loaded, 2 rules failed
9/2/2026 -- 21:53:37 - <Error> - [ERRCODE: SC_ERR_NO_RULES_LOADED(43)] - Loading signatures failed.
9/2/2026 -- 21:54:44 - <Notice> - This is Suricata version 6.0.4 RELEASE running in SYSTEM mode
9/2/2026 -- 21:54:44 - <Info> - CPUs/cores online: 8
9/2/2026 -- 21:54:44 - <Info> - fast output device (regular) initialized: fast.log
9/2/2026 -- 21:54:44 - <Info> - eve-log output device (regular) initialized: eve.json
9/2/2026 -- 21:54:44 - <Info> - Using log dir /var/log/suricata/
9/2/2026 -- 21:54:44 - <Info> - Selected pcap-log compression method: none
9/2/2026 -- 21:54:44 - <Info> - using normal logging
9/2/2026 -- 21:54:44 - <Info> - stats output device (regular) initialized: stats.log
9/2/2026 -- 21:54:44 - <Error> - [ERRCODE: SC_ERR_OPENING_RULE_FILE(41)] - opening ip rep file /etc/suricata/rules/reputation-categories.txt: No such file or directory
9/2/2026 -- 21:54:44 - <Error> - [ERRCODE: SC_ERR_NO_REPUTATION(224)] - failed to load reputation categories file /etc/suricata/rules/reputation-categories.txt
9/2/2026 -- 21:54:44 - <Info> - 1 rule files processed. 13 rules successfully loaded, 0 rules failed
9/2/2026 -- 21:54:44 - <Info> - Threshold config parsed: 0 rule(s) found
9/2/2026 -- 21:54:44 - <Info> - 13 signatures processed. 0 are IP-only rules, 10 are inspecting packet payload, 0 inspect application layer, 0 are decoder event only
9/2/2026 -- 21:54:44 - <Warning> - [ERRCODE: SC_WARN_POOR_RULE(276)] - rule 1000007: SYN-only to port(s) 102:102 w/o direction specified, disabling for toclient direction
9/2/2026 -- 21:54:44 - <Notice> - Configuration provided was successfully loaded. Exiting.
9/2/2026 -- 21:54:44 - <Info> - cleaning up signature grouping structure... complete
9/2/2026 -- 21:54:44 - <Notice> - This is Suricata version 6.0.4 RELEASE running in SYSTEM mode
9/2/2026 -- 21:54:44 - <Info> - CPUs/cores online: 8
9/2/2026 -- 21:54:45 - <Info> - Found an MTU of 1500 for 'eth0'
9/2/2026 -- 21:54:45 - <Info> - Found an MTU of 1500 for 'eth0'
9/2/2026 -- 21:54:45 - <Info> - fast output device (regular) initialized: fast.log
9/2/2026 -- 21:54:45 - <Info> - eve-log output device (regular) initialized: eve.json
9/2/2026 -- 21:54:45 - <Info> - Using log dir /var/log/suricata/
9/2/2026 -- 21:54:45 - <Info> - Selected pcap-log compression method: none
9/2/2026 -- 21:54:45 - <Info> - using normal logging
9/2/2026 -- 21:54:45 - <Info> - stats output device (regular) initialized: stats.log
9/2/2026 -- 21:54:45 - <Info> - Running in live mode, activating unix socket
9/2/2026 -- 21:54:45 - <Error> - [ERRCODE: SC_ERR_OPENING_RULE_FILE(41)] - opening ip rep file /etc/suricata/rules/reputation-categories.txt: No such file or directory
9/2/2026 -- 21:54:45 - <Error> - [ERRCODE: SC_ERR_NO_REPUTATION(224)] - failed to load reputation categories file /etc/suricata/rules/reputation-categories.txt
9/2/2026 -- 21:54:45 - <Info> - 1 rule files processed. 13 rules successfully loaded, 0 rules failed
9/2/2026 -- 21:54:45 - <Info> - Threshold config parsed: 0 rule(s) found
9/2/2026 -- 21:54:45 - <Info> - 13 signatures processed. 0 are IP-only rules, 10 are inspecting packet payload, 0 inspect application layer, 0 are decoder event only
9/2/2026 -- 21:54:45 - <Warning> - [ERRCODE: SC_WARN_POOR_RULE(276)] - rule 1000007: SYN-only to port(s) 102:102 w/o direction specified, disabling for toclient direction
9/2/2026 -- 21:54:45 - <Info> - Going to use 1 thread(s)
9/2/2026 -- 21:54:45 - <Info> - Initializing PCAP ring buffer for /var/log/suricata//log.pcap.
9/2/2026 -- 21:54:45 - <Notice> - Ring buffer initialized with 1 files.
9/2/2026 -- 21:54:45 - <Info> - Running in live mode, activating unix socket
9/2/2026 -- 21:54:45 - <Info> - Using unix socket file '/var/suricata-command.socket'
9/2/2026 -- 21:54:45 - <Notice> - all 1 packet processing threads, 4 management threads initialized, engine started.
9/2/2026 -- 21:54:45 - <Info> - All AFP capture threads are running.
10/2/2026 -- 05:16:12 - <Notice> - This is Suricata version 6.0.4 RELEASE running in SYSTEM mode
10/2/2026 -- 05:16:12 - <Info> - CPUs/cores online: 8
10/2/2026 -- 05:16:12 - <Info> - fast output device (regular) initialized: fast.log
10/2/2026 -- 05:16:12 - <Info> - eve-log output device (regular) initialized: eve.json
10/2/2026 -- 05:16:12 - <Info> - Using log dir /var/log/suricata/
10/2/2026 -- 05:16:12 - <Info> - Selected pcap-log compression method: none
10/2/2026 -- 05:16:12 - <Info> - using normal logging
10/2/2026 -- 05:16:12 - <Info> - stats output device (regular) initialized: stats.log
10/2/2026 -- 05:16:12 - <Error> - [ERRCODE: SC_ERR_OPENING_RULE_FILE(41)] - opening ip rep file /etc/suricata/rules/reputation-categories.txt: No such file or directory
10/2/2026 -- 05:16:12 - <Error> - [ERRCODE: SC_ERR_NO_REPUTATION(224)] - failed to load reputation categories file /etc/suricata/rules/reputation-categories.txt
10/2/2026 -- 05:16:12 - <Info> - 1 rule files processed. 13 rules successfully loaded, 0 rules failed
10/2/2026 -- 05:16:12 - <Info> - Threshold config parsed: 0 rule(s) found
10/2/2026 -- 05:16:12 - <Info> - 13 signatures processed. 2 are IP-only rules, 6 are inspecting packet payload, 0 inspect application layer, 0 are decoder event only
10/2/2026 -- 05:16:12 - <Warning> - [ERRCODE: SC_WARN_POOR_RULE(276)] - rule 1000007: SYN-only to port(s) 102:102 w/o direction specified, disabling for toclient direction
10/2/2026 -- 05:16:12 - <Notice> - Configuration provided was successfully loaded. Exiting.
10/2/2026 -- 05:16:12 - <Info> - cleaning up signature grouping structure... complete
10/2/2026 -- 05:16:12 - <Notice> - This is Suricata version 6.0.4 RELEASE running in SYSTEM mode
10/2/2026 -- 05:16:12 - <Info> - CPUs/cores online: 8
10/2/2026 -- 05:16:12 - <Info> - Found an MTU of 1500 for 'eth0'
10/2/2026 -- 05:16:12 - <Info> - Found an MTU of 1500 for 'eth0'
10/2/2026 -- 05:16:12 - <Info> - fast output device (regular) initialized: fast.log
10/2/2026 -- 05:16:12 - <Info> - eve-log output device (regular) initialized: eve.json
10/2/2026 -- 05:16:12 - <Info> - Using log dir /var/log/suricata/
10/2/2026 -- 05:16:12 - <Info> - Selected pcap-log compression method: none
10/2/2026 -- 05:16:12 - <Info> - using normal logging
10/2/2026 -- 05:16:12 - <Info> - stats output device (regular) initialized: stats.log
10/2/2026 -- 05:16:12 - <Info> - Running in live mode, activating unix socket
10/2/2026 -- 05:16:12 - <Error> - [ERRCODE: SC_ERR_OPENING_RULE_FILE(41)] - opening ip rep file /etc/suricata/rules/reputation-categories.txt: No such file or directory
10/2/2026 -- 05:16:12 - <Error> - [ERRCODE: SC_ERR_NO_REPUTATION(224)] - failed to load reputation categories file /etc/suricata/rules/reputation-categories.txt
10/2/2026 -- 05:16:12 - <Info> - 1 rule files processed. 13 rules successfully loaded, 0 rules failed
10/2/2026 -- 05:16:12 - <Info> - Threshold config parsed: 0 rule(s) found
10/2/2026 -- 05:16:12 - <Info> - 13 signatures processed. 2 are IP-only rules, 6 are inspecting packet payload, 0 inspect application layer, 0 are decoder event only
10/2/2026 -- 05:16:12 - <Warning> - [ERRCODE: SC_WARN_POOR_RULE(276)] - rule 1000007: SYN-only to port(s) 102:102 w/o direction specified, disabling for toclient direction
10/2/2026 -- 05:16:12 - <Info> - Going to use 1 thread(s)
10/2/2026 -- 05:16:12 - <Info> - Initializing PCAP ring buffer for /var/log/suricata//log.pcap.
10/2/2026 -- 05:16:12 - <Notice> - Ring buffer initialized with 2 files.
10/2/2026 -- 05:16:12 - <Info> - Running in live mode, activating unix socket
10/2/2026 -- 05:16:12 - <Info> - Using unix socket file '/var/suricata-command.socket'
10/2/2026 -- 05:16:12 - <Notice> - all 1 packet processing threads, 4 management threads initialized, engine started.
10/2/2026 -- 05:16:12 - <Info> - All AFP capture threads are running.
10/2/2026 -- 05:24:18 - <Notice> - This is Suricata version 6.0.4 RELEASE running in SYSTEM mode
10/2/2026 -- 05:24:18 - <Info> - CPUs/cores online: 8
10/2/2026 -- 05:24:18 - <Info> - fast output device (regular) initialized: fast.log
10/2/2026 -- 05:24:18 - <Info> - eve-log output device (regular) initialized: eve.json
10/2/2026 -- 05:24:18 - <Info> - Using log dir /var/log/suricata/
10/2/2026 -- 05:24:18 - <Info> - Selected pcap-log compression method: none
10/2/2026 -- 05:24:18 - <Info> - using normal logging
10/2/2026 -- 05:24:18 - <Info> - stats output device (regular) initialized: stats.log
10/2/2026 -- 05:24:18 - <Error> - [ERRCODE: SC_ERR_OPENING_RULE_FILE(41)] - opening ip rep file /etc/suricata/rules/reputation-categories.txt: No such file or directory
10/2/2026 -- 05:24:18 - <Error> - [ERRCODE: SC_ERR_NO_REPUTATION(224)] - failed to load reputation categories file /etc/suricata/rules/reputation-categories.txt
10/2/2026 -- 05:24:18 - <Info> - 1 rule files processed. 13 rules successfully loaded, 0 rules failed
10/2/2026 -- 05:24:18 - <Info> - Threshold config parsed: 0 rule(s) found
10/2/2026 -- 05:24:18 - <Info> - 13 signatures processed. 2 are IP-only rules, 6 are inspecting packet payload, 0 inspect application layer, 0 are decoder event only
10/2/2026 -- 05:24:18 - <Warning> - [ERRCODE: SC_WARN_POOR_RULE(276)] - rule 1000007: SYN-only to port(s) 102:102 w/o direction specified, disabling for toclient direction
10/2/2026 -- 05:24:18 - <Notice> - Configuration provided was successfully loaded. Exiting.
10/2/2026 -- 05:24:18 - <Info> - cleaning up signature grouping structure... complete
10/2/2026 -- 05:24:18 - <Notice> - This is Suricata version 6.0.4 RELEASE running in SYSTEM mode
10/2/2026 -- 05:24:18 - <Info> - CPUs/cores online: 8
10/2/2026 -- 05:24:18 - <Info> - Found an MTU of 1500 for 'eth0'
10/2/2026 -- 05:24:18 - <Info> - Found an MTU of 1500 for 'eth0'
10/2/2026 -- 05:24:18 - <Info> - fast output device (regular) initialized: fast.log
10/2/2026 -- 05:24:18 - <Info> - eve-log output device (regular) initialized: eve.json
10/2/2026 -- 05:24:18 - <Info> - Using log dir /var/log/suricata/
10/2/2026 -- 05:24:18 - <Info> - Selected pcap-log compression method: none
10/2/2026 -- 05:24:18 - <Info> - using normal logging
10/2/2026 -- 05:24:18 - <Info> - stats output device (regular) initialized: stats.log
10/2/2026 -- 05:24:18 - <Info> - Running in live mode, activating unix socket
10/2/2026 -- 05:24:18 - <Error> - [ERRCODE: SC_ERR_OPENING_RULE_FILE(41)] - opening ip rep file /etc/suricata/rules/reputation-categories.txt: No such file or directory
10/2/2026 -- 05:24:18 - <Error> - [ERRCODE: SC_ERR_NO_REPUTATION(224)] - failed to load reputation categories file /etc/suricata/rules/reputation-categories.txt
10/2/2026 -- 05:24:18 - <Info> - 1 rule files processed. 13 rules successfully loaded, 0 rules failed
10/2/2026 -- 05:24:18 - <Info> - Threshold config parsed: 0 rule(s) found
10/2/2026 -- 05:24:18 - <Info> - 13 signatures processed. 2 are IP-only rules, 6 are inspecting packet payload, 0 inspect application layer, 0 are decoder event only
10/2/2026 -- 05:24:18 - <Warning> - [ERRCODE: SC_WARN_POOR_RULE(276)] - rule 1000007: SYN-only to port(s) 102:102 w/o direction specified, disabling for toclient direction
10/2/2026 -- 05:24:18 - <Info> - Going to use 1 thread(s)
10/2/2026 -- 05:24:18 - <Info> - Initializing PCAP ring buffer for /var/log/suricata//log.pcap.
10/2/2026 -- 05:24:18 - <Notice> - Ring buffer initialized with 3 files.
10/2/2026 -- 05:24:18 - <Info> - Running in live mode, activating unix socket
10/2/2026 -- 05:24:18 - <Info> - Using unix socket file '/var/suricata-command.socket'
10/2/2026 -- 05:24:18 - <Notice> - all 1 packet processing threads, 4 management threads initialized, engine started.
10/2/2026 -- 05:24:18 - <Info> - All AFP capture threads are running.
10/2/2026 -- 05:33:10 - <Notice> - This is Suricata version 6.0.4 RELEASE running in SYSTEM mode
10/2/2026 -- 05:33:10 - <Info> - CPUs/cores online: 8
10/2/2026 -- 05:33:10 - <Info> - fast output device (regular) initialized: fast.log
10/2/2026 -- 05:33:10 - <Info> - eve-log output device (regular) initialized: eve.json
10/2/2026 -- 05:33:10 - <Info> - Using log dir /var/log/suricata/
10/2/2026 -- 05:33:10 - <Info> - Selected pcap-log compression method: none
10/2/2026 -- 05:33:10 - <Info> - using normal logging
10/2/2026 -- 05:33:10 - <Info> - stats output device (regular) initialized: stats.log
10/2/2026 -- 05:33:10 - <Error> - [ERRCODE: SC_ERR_OPENING_RULE_FILE(41)] - opening ip rep file /etc/suricata/rules/reputation-categories.txt: No such file or directory
10/2/2026 -- 05:33:10 - <Error> - [ERRCODE: SC_ERR_NO_REPUTATION(224)] - failed to load reputation categories file /etc/suricata/rules/reputation-categories.txt
10/2/2026 -- 05:33:10 - <Error> - [ERRCODE: SC_ERR_DUPLICATE_SIG(176)] - Duplicate signature "alert ip !192.168.100.0/24 any -> 192.168.100.10 any (msg:"PROFINET: Traffic from External Network";     sid:1000011; rev:1; classtype:bad-unknown; priority:1;)"
10/2/2026 -- 05:33:10 - <Error> - [ERRCODE: SC_ERR_INVALID_SIGNATURE(39)] - error parsing signature "alert ip !192.168.100.0/24 any -> 192.168.100.10 any (msg:"PROFINET: Traffic from External Network";     sid:1000011; rev:1; classtype:bad-unknown; priority:1;)" from file /etc/suricata/rules/profinet.rules at line 81
10/2/2026 -- 05:33:10 - <Info> - 1 rule files processed. 12 rules successfully loaded, 1 rules failed
10/2/2026 -- 05:33:10 - <Error> - [ERRCODE: SC_ERR_NO_RULES_LOADED(43)] - Loading signatures failed.
10/2/2026 -- 05:36:03 - <Notice> - This is Suricata version 6.0.4 RELEASE running in SYSTEM mode
10/2/2026 -- 05:36:03 - <Info> - CPUs/cores online: 8
10/2/2026 -- 05:36:03 - <Info> - fast output device (regular) initialized: fast.log
10/2/2026 -- 05:36:03 - <Info> - eve-log output device (regular) initialized: eve.json
10/2/2026 -- 05:36:03 - <Info> - Using log dir /var/log/suricata/
10/2/2026 -- 05:36:03 - <Info> - Selected pcap-log compression method: none
10/2/2026 -- 05:36:03 - <Info> - using normal logging
10/2/2026 -- 05:36:03 - <Info> - stats output device (regular) initialized: stats.log
10/2/2026 -- 05:36:03 - <Error> - [ERRCODE: SC_ERR_OPENING_RULE_FILE(41)] - opening ip rep file /etc/suricata/rules/reputation-categories.txt: No such file or directory
10/2/2026 -- 05:36:03 - <Error> - [ERRCODE: SC_ERR_NO_REPUTATION(224)] - failed to load reputation categories file /etc/suricata/rules/reputation-categories.txt
10/2/2026 -- 05:36:03 - <Error> - [ERRCODE: SC_ERR_DUPLICATE_SIG(176)] - Duplicate signature "alert ip !192.168.100.0/24 any -> 192.168.100.10 any (msg:"PROFINET: Traffic from External Network";     sid:1000011; rev:1; classtype:bad-unknown; priority:1;)"
10/2/2026 -- 05:36:03 - <Error> - [ERRCODE: SC_ERR_INVALID_SIGNATURE(39)] - error parsing signature "alert ip !192.168.100.0/24 any -> 192.168.100.10 any (msg:"PROFINET: Traffic from External Network";     sid:1000011; rev:1; classtype:bad-unknown; priority:1;)" from file /etc/suricata/rules/profinet.rules at line 81
10/2/2026 -- 05:36:03 - <Info> - 1 rule files processed. 12 rules successfully loaded, 1 rules failed
10/2/2026 -- 05:36:03 - <Error> - [ERRCODE: SC_ERR_NO_RULES_LOADED(43)] - Loading signatures failed.
10/2/2026 -- 05:41:54 - <Notice> - This is Suricata version 6.0.4 RELEASE running in SYSTEM mode
10/2/2026 -- 05:41:54 - <Info> - CPUs/cores online: 8
10/2/2026 -- 05:41:54 - <Info> - fast output device (regular) initialized: fast.log
10/2/2026 -- 05:41:54 - <Info> - eve-log output device (regular) initialized: eve.json
10/2/2026 -- 05:41:54 - <Info> - Using log dir /var/log/suricata/
10/2/2026 -- 05:41:54 - <Info> - Selected pcap-log compression method: none
10/2/2026 -- 05:41:54 - <Info> - using normal logging
10/2/2026 -- 05:41:54 - <Info> - stats output device (regular) initialized: stats.log
10/2/2026 -- 05:41:54 - <Error> - [ERRCODE: SC_ERR_OPENING_RULE_FILE(41)] - opening ip rep file /etc/suricata/rules/reputation-categories.txt: No such file or directory
10/2/2026 -- 05:41:54 - <Error> - [ERRCODE: SC_ERR_NO_REPUTATION(224)] - failed to load reputation categories file /etc/suricata/rules/reputation-categories.txt
10/2/2026 -- 05:41:54 - <Error> - [ERRCODE: SC_ERR_DUPLICATE_SIG(176)] - Duplicate signature "alert ip !192.168.100.0/24 any -> 192.168.100.10 any (msg:"PROFINET: Traffic from External Network";     sid:1000011; rev:1; classtype:bad-unknown; priority:1;)"
10/2/2026 -- 05:41:54 - <Error> - [ERRCODE: SC_ERR_INVALID_SIGNATURE(39)] - error parsing signature "alert ip !192.168.100.0/24 any -> 192.168.100.10 any (msg:"PROFINET: Traffic from External Network";     sid:1000011; rev:1; classtype:bad-unknown; priority:1;)" from file /etc/suricata/rules/profinet.rules at line 81
10/2/2026 -- 05:41:54 - <Info> - 1 rule files processed. 12 rules successfully loaded, 1 rules failed
10/2/2026 -- 05:41:54 - <Error> - [ERRCODE: SC_ERR_NO_RULES_LOADED(43)] - Loading signatures failed.
10/2/2026 -- 05:43:05 - <Notice> - This is Suricata version 6.0.4 RELEASE running in SYSTEM mode
10/2/2026 -- 05:43:05 - <Info> - CPUs/cores online: 8
10/2/2026 -- 05:43:05 - <Info> - fast output device (regular) initialized: fast.log
10/2/2026 -- 05:43:05 - <Info> - eve-log output device (regular) initialized: eve.json
10/2/2026 -- 05:43:05 - <Info> - Using log dir /var/log/suricata/
10/2/2026 -- 05:43:05 - <Info> - Selected pcap-log compression method: none
10/2/2026 -- 05:43:05 - <Info> - using normal logging
10/2/2026 -- 05:43:05 - <Info> - stats output device (regular) initialized: stats.log
10/2/2026 -- 05:43:05 - <Error> - [ERRCODE: SC_ERR_OPENING_RULE_FILE(41)] - opening ip rep file /etc/suricata/rules/reputation-categories.txt: No such file or directory
10/2/2026 -- 05:43:05 - <Error> - [ERRCODE: SC_ERR_NO_REPUTATION(224)] - failed to load reputation categories file /etc/suricata/rules/reputation-categories.txt
10/2/2026 -- 05:43:05 - <Info> - 1 rule files processed. 13 rules successfully loaded, 0 rules failed
10/2/2026 -- 05:43:05 - <Info> - Threshold config parsed: 0 rule(s) found
10/2/2026 -- 05:43:05 - <Info> - 13 signatures processed. 2 are IP-only rules, 6 are inspecting packet payload, 0 inspect application layer, 0 are decoder event only
10/2/2026 -- 05:43:05 - <Warning> - [ERRCODE: SC_WARN_POOR_RULE(276)] - rule 1000007: SYN-only to port(s) 102:102 w/o direction specified, disabling for toclient direction
10/2/2026 -- 05:43:06 - <Notice> - Configuration provided was successfully loaded. Exiting.
10/2/2026 -- 05:43:06 - <Info> - cleaning up signature grouping structure... complete
10/2/2026 -- 05:43:06 - <Notice> - This is Suricata version 6.0.4 RELEASE running in SYSTEM mode
10/2/2026 -- 05:43:06 - <Info> - CPUs/cores online: 8
10/2/2026 -- 05:43:06 - <Info> - Found an MTU of 1500 for 'eth0'
10/2/2026 -- 05:43:06 - <Info> - Found an MTU of 1500 for 'eth0'
10/2/2026 -- 05:43:06 - <Info> - fast output device (regular) initialized: fast.log
10/2/2026 -- 05:43:06 - <Info> - eve-log output device (regular) initialized: eve.json
10/2/2026 -- 05:43:06 - <Info> - Using log dir /var/log/suricata/
10/2/2026 -- 05:43:06 - <Info> - Selected pcap-log compression method: none
10/2/2026 -- 05:43:06 - <Info> - using normal logging
10/2/2026 -- 05:43:06 - <Info> - stats output device (regular) initialized: stats.log
10/2/2026 -- 05:43:06 - <Info> - Running in live mode, activating unix socket
10/2/2026 -- 05:43:06 - <Error> - [ERRCODE: SC_ERR_OPENING_RULE_FILE(41)] - opening ip rep file /etc/suricata/rules/reputation-categories.txt: No such file or directory
10/2/2026 -- 05:43:06 - <Error> - [ERRCODE: SC_ERR_NO_REPUTATION(224)] - failed to load reputation categories file /etc/suricata/rules/reputation-categories.txt
10/2/2026 -- 05:43:06 - <Info> - 1 rule files processed. 13 rules successfully loaded, 0 rules failed
10/2/2026 -- 05:43:06 - <Info> - Threshold config parsed: 0 rule(s) found
10/2/2026 -- 05:43:06 - <Info> - 13 signatures processed. 2 are IP-only rules, 6 are inspecting packet payload, 0 inspect application layer, 0 are decoder event only
10/2/2026 -- 05:43:06 - <Warning> - [ERRCODE: SC_WARN_POOR_RULE(276)] - rule 1000007: SYN-only to port(s) 102:102 w/o direction specified, disabling for toclient direction
10/2/2026 -- 05:43:06 - <Info> - Going to use 1 thread(s)
10/2/2026 -- 05:43:06 - <Info> - Initializing PCAP ring buffer for /var/log/suricata//log.pcap.
10/2/2026 -- 05:43:06 - <Notice> - Ring buffer initialized with 4 files.
10/2/2026 -- 05:43:06 - <Info> - Running in live mode, activating unix socket
10/2/2026 -- 05:43:06 - <Info> - Using unix socket file '/var/suricata-command.socket'
10/2/2026 -- 05:43:06 - <Notice> - all 1 packet processing threads, 4 management threads initialized, engine started.
10/2/2026 -- 05:43:06 - <Info> - All AFP capture threads are running.
